#-----------------------------------------------------------
# Vivado v2024.1 (64-bit)
# SW Build 5076996 on Wed May 22 18:37:14 MDT 2024
# IP Build 5075265 on Wed May 22 21:45:21 MDT 2024
# SharedData Build 5076995 on Wed May 22 18:29:18 MDT 2024
# Start of session at: Fri Nov 21 00:44:48 2025
# Process ID: 4556
# Current directory: C:/VAMSHI/IIT Mandi Academic Folder/IITM 5th Sem/Computer Organisation and Architecture/vivado/vivado.runs/synth_1
# Command line: vivado.exe -log rv32i_cpu.vds -product Vivado -mode batch -messageDb vivado.pb -notrace -source rv32i_cpu.tcl
# Log file: C:/VAMSHI/IIT Mandi Academic Folder/IITM 5th Sem/Computer Organisation and Architecture/vivado/vivado.runs/synth_1/rv32i_cpu.vds
# Journal file: C:/VAMSHI/IIT Mandi Academic Folder/IITM 5th Sem/Computer Organisation and Architecture/vivado/vivado.runs/synth_1\vivado.jou
# Running On        :Sai-Vamshi
# Platform          :Windows Server 2016 or Windows 10
# Operating System  :26100
# Processor Detail  :12th Gen Intel(R) Core(TM) i7-1250U
# CPU Frequency     :1882 MHz
# CPU Physical cores:10
# CPU Logical cores :12
# Host memory       :16858 MB
# Swap memory       :14495 MB
# Total Virtual     :31353 MB
# Available Virtual :6987 MB
#-----------------------------------------------------------
source rv32i_cpu.tcl -notrace
